// Jest Snapshot v1, https://goo.gl/fbAQLP

exports[`Toucan captureException 1`] = `
Object {
  "breadcrumbs": Array [],
  "event_id": "651b177fe1cb4ac89e15c1ecd2cb1d0a",
  "level": "info",
  "logger": "EdgeWorker",
  "message": "test",
  "platform": "node",
  "request": Object {
    "method": "GET",
    "url": "https://example.com/",
  },
  "sdk": Object {
    "name": "__name__",
    "version": "__version__",
  },
  "timestamp": 1586752837.868,
}
`;
